../Core/Src/quadspi.c:43:6:MX_QUADSPI_Init	24	static,ignoring_inline_asm
../Core/Src/quadspi.c:72:6:HAL_QSPI_MspInit	248	static
../Core/Src/quadspi.c:140:6:HAL_QSPI_MspDeInit	16	static
../Core/Src/quadspi.c:173:16:QSPI_Enter4BytesAddressMode	64	static
../Core/Src/quadspi.c:198:16:QSPI_ReadStatus	80	static
../Core/Src/quadspi.c:237:16:QSPI_WriteStatus	72	static
../Core/Src/quadspi.c:288:9:CSP_QUADSPI_Init	8	static
../Core/Src/quadspi.c:317:9:CSP_QSPI_Erase_Chip	64	static
../Core/Src/quadspi.c:350:9:QSPI_AutoPollingMemReady	96	static
../Core/Src/quadspi.c:381:16:QSPI_WriteEnable	88	static
../Core/Src/quadspi.c:419:9:QSPI_Configuration	72	static
../Core/Src/quadspi.c:453:9:CSP_QSPI_EraseSector	72	static
../Core/Src/quadspi.c:499:9:CSP_QSPI_WriteMemory	96	static
../Core/Src/quadspi.c:579:9:CSP_QSPI_EnableMemoryMappedMode	72	static
../Core/Src/quadspi.c:633:9:QSPI_ResetChip	72	static,ignoring_inline_asm
